⚠️ JWT_REFRESH_SECRET not set. Using fallback (UNSAFE).
🏁 server.js execution started
🚀 [BACKEND] Starting server on port 5004
🔗 MongoDB URI: mongodb+srv://zsethkipchumba179_db_user:kipchumba@...
🌍 Environment: development
☁️  Vercel: No

🔗 Connecting to MongoDB...
(node:8610) [MONGOOSE] DeprecationWarning: Mongoose: the `strictQuery` option will be switched back to `false` by default in Mongoose 7. Use `mongoose.set('strictQuery', false);` if you want to prepare for this change. Or use `mongoose.set('strictQuery', true);` to suppress this warning.
(Use `node --trace-deprecation ...` to show where the warning was created)
✅ MongoDB Connected: ac-wdm5wm7-shard-00-01.5hjr5pi.mongodb.net
node:events:487
      throw er; // Unhandled 'error' event
      ^

Error: listen EADDRINUSE: address already in use :::5004
    at Server.setupListenHandle [as _listen2] (node:net:2008:16)
    at listenInCluster (node:net:2065:12)
    at Server.listen (node:net:2170:7)
    at app.listen (/Users/kurr/Documents/secret_projects/rerendet_website/node_modules/express/lib/application.js:635:24)
    at file:///Users/kurr/Documents/secret_projects/rerendet_website/server.js:369:9
    at process.processTicksAndRejections (node:internal/process/task_queues:104:5)
Emitted 'error' event on Server instance at:
    at emitErrorNT (node:net:2044:8)
    at process.processTicksAndRejections (node:internal/process/task_queues:90:21) {
  code: 'EADDRINUSE',
  errno: -48,
  syscall: 'listen',
  address: '::',
  port: 5004
}

Node.js v25.9.0
